61.135.190.12 - - [30/Mar/2008:00:01:54 -0400] "GET /strips/?number=2 HTTP/1.1" 200 4198 redbrickroadstudios.com "-" "Baiduspider+(+http://www.baidu.com/search/spider.htm)" "-"
61.135.190.12 - - [30/Mar/2008:00:02:27 -0400] "GET / HTTP/1.1" 200 5951 redbrickroadstudios.com "-" "Baiduspider+(+http://www.baidu.com/search/spider.htm)" "-"
61.135.190.12 - - [30/Mar/2008:00:03:22 -0400] "GET /strips/?number=13 HTTP/1.1" 200 4098 redbrickroadstudios.com "-" "Baiduspider+(+http://www.baidu.com/search/spider.htm)" "-"
61.135.190.12 - - [30/Mar/2008:00:04:29 -0400] "GET /strips/?number=24 HTTP/1.1" 200 4153 redbrickroadstudios.com "-" "Baiduspider+(+http://www.baidu.com/search/spider.htm)" "-"
66.249.73.27 - - [30/Mar/2008:00:31:41 -0400] "GET /episodes/II/ep2.17.html HTTP/1.1" 200 5954 redbrickroadstudios.com "-" "Mozilla/5.0 (compatible; Googlebot/2.1; +http://www.google.com/bot.html)" "-"
66.249.73.27 - - [30/Mar/2008:00:46:36 -0400] "GET /episodes/II/ep2.7.html HTTP/1.1" 200 5823 redbrickroadstudios.com "-" "Mozilla/5.0 (compatible; Googlebot/2.1; +http://www.google.com/bot.html)" "-"
66.249.73.27 - - [30/Mar/2008:01:16:26 -0400] "GET /episodes/II/ep2.1.html HTTP/1.1" 200 5648 redbrickroadstudios.com "-" "Mozilla/5.0 (compatible; Googlebot/2.1; +http://www.google.com/bot.html)" "-"
195.78.94.13 - - [30/Mar/2008:01:26:59 -0400] "GET / HTTP/1.1" 200 5937 www.redbrickroadstudios.com "-" "Mozilla/4.0 (compatible; MSIE 6.0; Windows NT 5.1; SV1; .NET CLR 1.1.4322)" "-"
66.249.73.27 - - [30/Mar/2008:01:33:38 -0400] "GET /episodes/II/ep2.14.html HTTP/1.1" 200 5626 redbrickroadstudios.com "-" "Mozilla/5.0 (compatible; Googlebot/2.1; +http://www.google.com/bot.html)" "-"
71.230.19.30 - - [30/Mar/2008:01:38:54 -0400] "GET /rbr.css HTTP/1.1" 200 393 redbrickroadstudios.com "http://redbrickroadstudios.com/" "Mozilla/5.0 (Macintosh; U; PPC Mac OS X Mach-O; en-US; rv:1.8.1.13) Gecko/20080311 Firefox/2.0.0.13" "-"
71.230.19.30 - - [30/Mar/2008:01:38:54 -0400] "GET /favicon.ico HTTP/1.1" 200 3638 redbrickroadstudios.com "-" "Mozilla/5.0 (Macintosh; U; PPC Mac OS X Mach-O; en-US; rv:1.8.1.13) Gecko/20080311 Firefox/2.0.0.13" "-"
71.230.19.30 - - [30/Mar/2008:01:38:54 -0400] "GET / HTTP/1.1" 200 5909 redbrickroadstudios.com "-" "Mozilla/5.0 (Macintosh; U; PPC Mac OS X Mach-O; en-US; rv:1.8.1.13) Gecko/20080311 Firefox/2.0.0.13" "-"
71.230.19.30 - - [30/Mar/2008:01:38:55 -0400] "GET /images/linksalt.png HTTP/1.1" 301 266 redbrickroadstudios.com "http://redbrickroadstudios.com/" "Mozilla/5.0 (Macintosh; U; PPC Mac OS X Mach-O; en-US; rv:1.8.1.13) Gecko/20080311 Firefox/2.0.0.13" "-"
71.230.19.30 - - [30/Mar/2008:01:38:55 -0400] "GET /images/simple_banner3.png HTTP/1.1" 200 20327 redbrickroadstudios.com "http://redbrickroadstudios.com/" "Mozilla/5.0 (Macintosh; U; PPC Mac OS X Mach-O; en-US; rv:1.8.1.13) Gecko/20080311 Firefox/2.0.0.13" "-"
71.230.19.30 - - [30/Mar/2008:01:38:55 -0400] "GET /images/hor_line.png HTTP/1.1" 200 1016 redbrickroadstudios.com "http://redbrickroadstudios.com/" "Mozilla/5.0 (Macintosh; U; PPC Mac OS X Mach-O; en-US; rv:1.8.1.13) Gecko/20080311 Firefox/2.0.0.13" "-"
71.230.19.30 - - [30/Mar/2008:01:38:55 -0400] "GET /images/linksalt.PNG HTTP/1.1" 200 4603 redbrickroadstudios.com "http://redbrickroadstudios.com/" "Mozilla/5.0 (Macintosh; U; PPC Mac OS X Mach-O; en-US; rv:1.8.1.13) Gecko/20080311 Firefox/2.0.0.13" "-"
71.230.19.30 - - [30/Mar/2008:01:38:55 -0400] "GET /images/episodes/V/5.4.png HTTP/1.1" 200 183782 redbrickroadstudios.com "http://redbrickroadstudios.com/" "Mozilla/5.0 (Macintosh; U; PPC Mac OS X Mach-O; en-US; rv:1.8.1.13) Gecko/20080311 Firefox/2.0.0.13" "-"
71.230.19.30 - - [30/Mar/2008:01:38:55 -0400] "GET /images/rant_tag.png HTTP/1.1" 200 2959 redbrickroadstudios.com "http://redbrickroadstudios.com/" "Mozilla/5.0 (Macintosh; U; PPC Mac OS X Mach-O; en-US; rv:1.8.1.13) Gecko/20080311 Firefox/2.0.0.13" "-"
71.230.19.30 - - [30/Mar/2008:01:38:55 -0400] "GET /images/ad1.png HTTP/1.1" 200 11250 redbrickroadstudios.com "http://redbrickroadstudios.com/" "Mozilla/5.0 (Macintosh; U; PPC Mac OS X Mach-O; en-US; rv:1.8.1.13) Gecko/20080311 Firefox/2.0.0.13" "-"
66.249.73.27 - - [30/Mar/2008:01:38:55 -0400] "GET / HTTP/1.1" 200 5839 redbrickroadstudios.com "-" "Mediapartners-Google" "-"
71.230.19.30 - - [30/Mar/2008:01:39:53 -0400] "GET /?epsiode=5&part=3 HTTP/1.1" 200 5109 redbrickroadstudios.com "http://redbrickroadstudios.com/" "Mozilla/5.0 (Macintosh; U; PPC Mac OS X Mach-O; en-US; rv:1.8.1.13) Gecko/20080311 Firefox/2.0.0.13" "-"
71.230.19.30 - - [30/Mar/2008:01:39:54 -0400] "GET /?epsiode=5&part=3 HTTP/1.1" 200 5109 redbrickroadstudios.com "http://redbrickroadstudios.com/" "Mozilla/5.0 (Macintosh; U; PPC Mac OS X Mach-O; en-US; rv:1.8.1.13) Gecko/20080311 Firefox/2.0.0.13" "-"
71.230.19.30 - - [30/Mar/2008:01:39:54 -0400] "GET /images/episodes/V/5.3.png HTTP/1.1" 200 355330 redbrickroadstudios.com "http://redbrickroadstudios.com/?epsiode=5&part=3" "Mozilla/5.0 (Macintosh; U; PPC Mac OS X Mach-O; en-US; rv:1.8.1.13) Gecko/20080311 Firefox/2.0.0.13" "-"
66.249.73.27 - - [30/Mar/2008:01:39:55 -0400] "GET /?epsiode=5&part=3 HTTP/1.1" 200 5032 redbrickroadstudios.com "-" "Mediapartners-Google" "-"
71.230.19.30 - - [30/Mar/2008:01:40:46 -0400] "GET /links.html HTTP/1.1" 200 4773 redbrickroadstudios.com "http://redbrickroadstudios.com/?epsiode=5&part=3" "Mozilla/5.0 (Macintosh; U; PPC Mac OS X Mach-O; en-US; rv:1.8.1.13) Gecko/20080311 Firefox/2.0.0.13" "-"
71.230.19.30 - - [30/Mar/2008:01:40:46 -0400] "GET /images/links.png HTTP/1.1" 200 6443 redbrickroadstudios.com "http://redbrickroadstudios.com/links.html" "Mozilla/5.0 (Macintosh; U; PPC Mac OS X Mach-O; en-US; rv:1.8.1.13) Gecko/20080311 Firefox/2.0.0.13" "-"
66.249.73.27 - - [30/Mar/2008:01:40:47 -0400] "GET /links.html HTTP/1.1" 200 4773 redbrickroadstudios.com "-" "Mediapartners-Google" "-"
71.230.19.30 - - [30/Mar/2008:01:40:49 -0400] "GET /grimoire.html HTTP/1.1" 200 6280 redbrickroadstudios.com "http://redbrickroadstudios.com/links.html" "Mozilla/5.0 (Macintosh; U; PPC Mac OS X Mach-O; en-US; rv:1.8.1.13) Gecko/20080311 Firefox/2.0.0.13" "-"
66.249.73.27 - - [30/Mar/2008:01:40:50 -0400] "GET /grimoire.html HTTP/1.1" 200 6280 redbrickroadstudios.com "-" "Mediapartners-Google" "-"
66.249.73.27 - - [30/Mar/2008:01:45:51 -0400] "GET /episodes/II/ep2.11.html HTTP/1.1" 304 - redbrickroadstudios.com "-" "Mozilla/5.0 (compatible; Googlebot/2.1; +http://www.google.com/bot.html)" "-"
195.78.94.13 - - [30/Mar/2008:01:46:26 -0400] "GET / HTTP/1.1" 200 5930 www.redbrickroadstudios.com "-" "Mozilla/4.0 (compatible; MSIE 6.0; Windows NT 5.1; SV1; .NET CLR 1.1.4322)" "-"
66.249.73.27 - - [30/Mar/2008:01:53:11 -0400] "GET /episodes/II/ep2.4.html HTTP/1.1" 304 - redbrickroadstudios.com "-" "Mozilla/5.0 (compatible; Googlebot/2.1; +http://www.google.com/bot.html)" "-"
74.6.19.162 - - [30/Mar/2008:01:53:52 -0400] "GET /episodes/II/ep2.12.html HTTP/1.0" 200 5520 redbrickroadstudios.com "-" "Mozilla/5.0 (compatible; Yahoo! Slurp; http://help.yahoo.com/help/us/ysearch/slurp)" "-"
66.249.73.27 - - [30/Mar/2008:01:58:03 -0400] "GET /rants/ep4.16rant.html HTTP/1.1" 300 459 redbrickroadstudios.com "-" "Mozilla/5.0 (compatible; Googlebot/2.1; +http://www.google.com/bot.html)" "-"
66.249.73.27 - - [30/Mar/2008:02:02:56 -0400] "GET /rants/ep2.8rant.html HTTP/1.1" 200 6261 redbrickroadstudios.com "-" "Mozilla/5.0 (compatible; Googlebot/2.1; +http://www.google.com/bot.html)" "-"
66.249.73.27 - - [30/Mar/2008:02:15:11 -0400] "GET /links.html HTTP/1.1" 200 4773 redbrickroadstudios.com "-" "Mozilla/5.0 (compatible; Googlebot/2.1; +http://www.google.com/bot.html)" "-"
66.249.73.27 - - [30/Mar/2008:02:17:39 -0400] "GET /map.html HTTP/1.1" 200 3950 redbrickroadstudios.com "-" "Mozilla/5.0 (compatible; Googlebot/2.1; +http://www.google.com/bot.html)" "-"
66.249.73.27 - - [30/Mar/2008:02:24:54 -0400] "GET /episodes/IV/ep4.10.html HTTP/1.1" 304 - redbrickroadstudios.com "-" "Mozilla/5.0 (compatible; Googlebot/2.1; +http://www.google.com/bot.html)" "-"
74.6.23.246 - - [30/Mar/2008:02:31:13 -0400] "GET /episodes/III/ HTTP/1.0" 403 626 redbrickroadstudios.com "-" "Mozilla/5.0 (compatible; Yahoo! Slurp; http://help.yahoo.com/help/us/ysearch/slurp)" "-"
66.249.73.27 - - [30/Mar/2008:02:37:06 -0400] "GET /episodes/II/ep2.15.html HTTP/1.1" 304 - redbrickroadstudios.com "-" "Mozilla/5.0 (compatible; Googlebot/2.1; +http://www.google.com/bot.html)" "-"
66.249.73.27 - - [30/Mar/2008:02:51:46 -0400] "GET /episodes/IV/ep4.13.html HTTP/1.1" 304 - redbrickroadstudios.com "-" "Mozilla/5.0 (compatible; Googlebot/2.1; +http://www.google.com/bot.html)" "-"
74.6.30.157 - - [30/Mar/2008:02:54:15 -0400] "GET /robots.txt HTTP/1.0" 404 2304 www.redbrickroadstudios.com "-" "Mozilla/5.0 (compatible; Yahoo! Slurp; http://help.yahoo.com/help/us/ysearch/slurp)" "-"
74.6.17.100 - - [30/Mar/2008:02:54:15 -0400] "GET /strips/strip_archive.html HTTP/1.0" 404 2319 www.redbrickroadstudios.com "-" "Mozilla/5.0 (compatible; Yahoo! Slurp; http://help.yahoo.com/help/us/ysearch/slurp)" "-"
66.249.73.27 - - [30/Mar/2008:03:18:37 -0400] "GET /robots.txt HTTP/1.1" 404 2300 redbrickroadstudios.com "-" "Mozilla/5.0 (compatible; Googlebot/2.1; +http://www.google.com/bot.html)" "-"
66.249.73.27 - - [30/Mar/2008:03:18:37 -0400] "GET /rants/ep2.18rant.html HTTP/1.1" 200 8746 redbrickroadstudios.com "-" "Mozilla/5.0 (compatible; Googlebot/2.1; +http://www.google.com/bot.html)" "-"
195.78.94.13 - - [30/Mar/2008:03:34:53 -0400] "GET / HTTP/1.1" 200 5937 www.redbrickroadstudios.com "-" "Mozilla/4.0 (compatible; MSIE 6.0; Windows NT 5.1; SV1; .NET CLR 1.1.4322)" "-"
195.78.94.13 - - [30/Mar/2008:03:46:02 -0400] "GET / HTTP/1.1" 200 5895 www.redbrickroadstudios.com "-" "Mozilla/4.0 (compatible; MSIE 6.0; Windows NT 5.1; SV1; .NET CLR 1.1.4322)" "-"
74.6.24.250 - - [30/Mar/2008:04:38:17 -0400] "GET /episodes/II/ep2.16.html HTTP/1.0" 200 5772 redbrickroadstudios.com "-" "Mozilla/5.0 (compatible; Yahoo! Slurp; http://help.yahoo.com/help/us/ysearch/slurp)" "-"
74.6.28.168 - - [30/Mar/2008:04:53:45 -0400] "GET /episodes/IV/ep4.6.html HTTP/1.0" 304 - redbrickroadstudios.com "-" "Mozilla/5.0 (compatible; Yahoo! Slurp; http://help.yahoo.com/help/us/ysearch/slurp)" "-"
66.249.73.27 - - [30/Mar/2008:05:03:12 -0400] "GET /robots.txt HTTP/1.1" 404 2304 www.redbrickroadstudios.com "-" "Mediapartners-Google" "-"
66.249.73.27 - - [30/Mar/2008:05:03:13 -0400] "GET / HTTP/1.1" 200 5923 www.redbrickroadstudios.com "-" "Mediapartners-Google" "-"
195.78.94.13 - - [30/Mar/2008:05:08:32 -0400] "GET / HTTP/1.1" 200 6014 www.redbrickroadstudios.com "-" "Mozilla/4.0 (compatible; MSIE 6.0; Windows NT 5.1; SV1; .NET CLR 1.1.4322)" "-"
74.6.26.160 - - [30/Mar/2008:05:28:21 -0400] "GET /episodes/III/ep3.14.html HTTP/1.0" 304 - redbrickroadstudios.com "-" "Mozilla/5.0 (compatible; Yahoo! Slurp; http://help.yahoo.com/help/us/ysearch/slurp)" "-"
195.78.94.13 - - [30/Mar/2008:05:45:55 -0400] "GET / HTTP/1.1" 200 6014 www.redbrickroadstudios.com "-" "Mozilla/4.0 (compatible; MSIE 6.0; Windows NT 5.1; SV1; .NET CLR 1.1.4322)" "-"
74.6.27.178 - - [30/Mar/2008:06:07:18 -0400] "GET /episodes/ep_archive.html HTTP/1.0" 200 6377 www.redbrickroadstudios.com "-" "Mozilla/5.0 (compatible; Yahoo! Slurp; http://help.yahoo.com/help/us/ysearch/slurp)" "-"
81.86.45.156 - - [30/Mar/2008:06:16:56 -0400] "GET /episodes/I/ep1.17.html HTTP/1.1" 200 5781 redbrickroadstudios.com "http://www.ohnorobot.com/random.html" "Mozilla/5.0 (X11; U; Linux i686; en-US; rv:1.8.1.12) Gecko/20080129 Iceweasel/2.0.0.12 (Debian-2.0.0.12-0etch1)" "-"
81.86.45.156 - - [30/Mar/2008:06:16:56 -0400] "GET /rbr.css HTTP/1.1" 200 393 redbrickroadstudios.com "http://redbrickroadstudios.com/episodes/I/ep1.17.html" "Mozilla/5.0 (X11; U; Linux i686; en-US; rv:1.8.1.12) Gecko/20080129 Iceweasel/2.0.0.12 (Debian-2.0.0.12-0etch1)" "-"
81.86.45.156 - - [30/Mar/2008:06:16:59 -0400] "GET /images/links.png HTTP/1.1" 200 6443 redbrickroadstudios.com "http://redbrickroadstudios.com/episodes/I/ep1.17.html" "Mozilla/5.0 (X11; U; Linux i686; en-US; rv:1.8.1.12) Gecko/20080129 Iceweasel/2.0.0.12 (Debian-2.0.0.12-0etch1)" "-"
81.86.45.156 - - [30/Mar/2008:06:16:59 -0400] "GET /images/simple_banner3.png HTTP/1.1" 200 20327 redbrickroadstudios.com "http://redbrickroadstudios.com/episodes/I/ep1.17.html" "Mozilla/5.0 (X11; U; Linux i686; en-US; rv:1.8.1.12) Gecko/20080129 Iceweasel/2.0.0.12 (Debian-2.0.0.12-0etch1)" "-"
81.86.45.156 - - [30/Mar/2008:06:17:00 -0400] "GET /images/hor_line.png HTTP/1.1" 200 1016 redbrickroadstudios.com "http://redbrickroadstudios.com/episodes/I/ep1.17.html" "Mozilla/5.0 (X11; U; Linux i686; en-US; rv:1.8.1.12) Gecko/20080129 Iceweasel/2.0.0.12 (Debian-2.0.0.12-0etch1)" "-"
81.86.45.156 - - [30/Mar/2008:06:17:00 -0400] "GET /images/episodes/I/1.17.jpg HTTP/1.1" 200 156315 redbrickroadstudios.com "http://redbrickroadstudios.com/episodes/I/ep1.17.html" "Mozilla/5.0 (X11; U; Linux i686; en-US; rv:1.8.1.12) Gecko/20080129 Iceweasel/2.0.0.12 (Debian-2.0.0.12-0etch1)" "-"
81.86.45.156 - - [30/Mar/2008:06:17:00 -0400] "GET /images/ad1.png HTTP/1.1" 200 11250 redbrickroadstudios.com "http://redbrickroadstudios.com/episodes/I/ep1.17.html" "Mozilla/5.0 (X11; U; Linux i686; en-US; rv:1.8.1.12) Gecko/20080129 Iceweasel/2.0.0.12 (Debian-2.0.0.12-0etch1)" "-"
74.6.25.44 - - [30/Mar/2008:06:26:06 -0400] "GET /episodes/I/ep1.8.html HTTP/1.0" 304 - redbrickroadstudios.com "-" "Mozilla/5.0 (compatible; Yahoo! Slurp; http://help.yahoo.com/help/us/ysearch/slurp)" "-"
67.195.58.175 - - [30/Mar/2008:06:32:12 -0400] "GET /index.php HTTP/1.0" 200 5820 redbrickroadstudios.com "-" "Mozilla/5.0 (compatible; Yahoo! Slurp; http://help.yahoo.com/help/us/ysearch/slurp)" "-"
74.6.28.180 - - [30/Mar/2008:07:11:07 -0400] "GET /episodes/II/ep2.1.html HTTP/1.0" 304 - redbrickroadstudios.com "-" "Mozilla/5.0 (compatible; Yahoo! Slurp; http://help.yahoo.com/help/us/ysearch/slurp)" "-"
195.78.94.13 - - [30/Mar/2008:07:14:51 -0400] "GET / HTTP/1.1" 200 6007 www.redbrickroadstudios.com "-" "Mozilla/4.0 (compatible; MSIE 6.0; Windows NT 5.1; SV1; .NET CLR 1.1.4322)" "-"
74.6.29.175 - - [30/Mar/2008:07:37:39 -0400] "GET /episodes/III/ep3.22.html HTTP/1.0" 304 - redbrickroadstudios.com "-" "Mozilla/5.0 (compatible; Yahoo! Slurp; http://help.yahoo.com/help/us/ysearch/slurp)" "-"
195.78.94.13 - - [30/Mar/2008:07:44:20 -0400] "GET / HTTP/1.1" 200 5923 www.redbrickroadstudios.com "-" "Mozilla/4.0 (compatible; MSIE 6.0; Windows NT 5.1; SV1; .NET CLR 1.1.4322)" "-"
74.6.31.38 - - [30/Mar/2008:08:00:38 -0400] "GET /robots.txt HTTP/1.0" 404 2300 redbrickroadstudios.com "-" "Mozilla/5.0 (compatible; Yahoo! Slurp; http://help.yahoo.com/help/us/ysearch/slurp)" "-"
74.6.29.251 - - [30/Mar/2008:08:00:38 -0400] "GET /episodes/I/ep1.2.html HTTP/1.0" 304 - redbrickroadstudios.com "-" "Mozilla/5.0 (compatible; Yahoo! Slurp; http://help.yahoo.com/help/us/ysearch/slurp)" "-"
195.78.94.13 - - [30/Mar/2008:09:30:49 -0400] "GET / HTTP/1.1" 200 6014 www.redbrickroadstudios.com "-" "Mozilla/4.0 (compatible; MSIE 6.0; Windows NT 5.1; SV1; .NET CLR 1.1.4322)" "-"
195.78.94.13 - - [30/Mar/2008:09:44:58 -0400] "GET / HTTP/1.1" 200 5958 www.redbrickroadstudios.com "-" "Mozilla/4.0 (compatible; MSIE 6.0; Windows NT 5.1; SV1; .NET CLR 1.1.4322)" "-"
195.78.94.13 - - [30/Mar/2008:11:20:30 -0400] "GET / HTTP/1.1" 200 5944 www.redbrickroadstudios.com "-" "Mozilla/4.0 (compatible; MSIE 6.0; Windows NT 5.1; SV1; .NET CLR 1.1.4322)" "-"
76.124.134.191 - - [30/Mar/2008:11:31:25 -0400] "GET / HTTP/1.1" 200 5951 redbrickroadstudios.com "-" "Mozilla/5.0 (Windows; U; Windows NT 5.1; en-US; rv:1.9b4) Gecko/2008030714 Firefox/3.0b4" "-"
76.124.134.191 - - [30/Mar/2008:11:31:25 -0400] "GET /rbr.css HTTP/1.1" 304 - redbrickroadstudios.com "http://redbrickroadstudios.com/" "Mozilla/5.0 (Windows; U; Windows NT 5.1; en-US; rv:1.9b4) Gecko/2008030714 Firefox/3.0b4" "-"
76.124.134.191 - - [30/Mar/2008:11:31:26 -0400] "GET /images/simple_banner3.png HTTP/1.1" 304 - redbrickroadstudios.com "http://redbrickroadstudios.com/" "Mozilla/5.0 (Windows; U; Windows NT 5.1; en-US; rv:1.9b4) Gecko/2008030714 Firefox/3.0b4" "-"
76.124.134.191 - - [30/Mar/2008:11:31:26 -0400] "GET /images/linksalt.png HTTP/1.1" 301 266 redbrickroadstudios.com "http://redbrickroadstudios.com/" "Mozilla/5.0 (Windows; U; Windows NT 5.1; en-US; rv:1.9b4) Gecko/2008030714 Firefox/3.0b4" "-"
76.124.134.191 - - [30/Mar/2008:11:31:26 -0400] "GET /images/linksalt.PNG HTTP/1.1" 304 - redbrickroadstudios.com "http://redbrickroadstudios.com/" "Mozilla/5.0 (Windows; U; Windows NT 5.1; en-US; rv:1.9b4) Gecko/2008030714 Firefox/3.0b4" "-"
76.124.134.191 - - [30/Mar/2008:11:31:26 -0400] "GET /images/episodes/V/5.4.png HTTP/1.1" 304 - redbrickroadstudios.com "http://redbrickroadstudios.com/" "Mozilla/5.0 (Windows; U; Windows NT 5.1; en-US; rv:1.9b4) Gecko/2008030714 Firefox/3.0b4" "-"
76.124.134.191 - - [30/Mar/2008:11:31:28 -0400] "GET /favicon.ico HTTP/1.1" 304 - redbrickroadstudios.com "-" "Mozilla/5.0 (Windows; U; Windows NT 5.1; en-US; rv:1.9b4) Gecko/2008030714 Firefox/3.0b4" "-"
74.6.18.52 - - [30/Mar/2008:11:36:14 -0400] "GET /strips/strip23.html HTTP/1.0" 404 2309 redbrickroadstudios.com "-" "Mozilla/5.0 (compatible; Yahoo! Slurp; http://help.yahoo.com/help/us/ysearch/slurp)" "-"
74.6.28.34 - - [30/Mar/2008:11:36:52 -0400] "GET /episodes/III/ep3.18.html HTTP/1.0" 200 6171 redbrickroadstudios.com "-" "Mozilla/5.0 (compatible; Yahoo! Slurp; http://help.yahoo.com/help/us/ysearch/slurp)" "-"
195.78.94.13 - - [30/Mar/2008:11:44:33 -0400] "GET / HTTP/1.1" 200 5839 www.redbrickroadstudios.com "-" "Mozilla/4.0 (compatible; MSIE 6.0; Windows NT 5.1; SV1; .NET CLR 1.1.4322)" "-"
66.249.73.27 - - [30/Mar/2008:12:19:34 -0400] "GET /episodes/III/ep3.8.html HTTP/1.1" 304 - redbrickroadstudios.com "-" "Mozilla/5.0 (compatible; Googlebot/2.1; +http://www.google.com/bot.html)" "-"
204.186.148.29 - - [30/Mar/2008:12:27:21 -0400] "GET / HTTP/1.1" 200 5944 www.redbrickroadstudios.com "-" "Mozilla/5.0 (Windows; U; Windows NT 5.1; en-US; rv:1.8.1.13) Gecko/20080311 Firefox/2.0.0.13" "-"
204.186.148.29 - - [30/Mar/2008:12:27:22 -0400] "GET /images/episodes/V/5.4.png HTTP/1.1" 206 156622 www.redbrickroadstudios.com "http://www.redbrickroadstudios.com/" "Mozilla/5.0 (Windows; U; Windows NT 5.1; en-US; rv:1.8.1.13) Gecko/20080311 Firefox/2.0.0.13" "-"
204.186.148.29 - - [30/Mar/2008:12:27:22 -0400] "GET /images/ad1.png HTTP/1.1" 304 - www.redbrickroadstudios.com "http://www.redbrickroadstudios.com/" "Mozilla/5.0 (Windows; U; Windows NT 5.1; en-US; rv:1.8.1.13) Gecko/20080311 Firefox/2.0.0.13" "-"
66.249.73.27 - - [30/Mar/2008:12:49:40 -0400] "GET /episodes/III/ep3.10.html HTTP/1.1" 304 - redbrickroadstudios.com "-" "Mozilla/5.0 (compatible; Googlebot/2.1; +http://www.google.com/bot.html)" "-"
66.249.73.27 - - [30/Mar/2008:12:50:01 -0400] "GET /episodes/III/ep3.11.html HTTP/1.1" 304 - redbrickroadstudios.com "-" "Mozilla/5.0 (compatible; Googlebot/2.1; +http://www.google.com/bot.html)" "-"
66.249.73.27 - - [30/Mar/2008:12:50:06 -0400] "GET /episodes/III/ep3.23.html HTTP/1.1" 304 - redbrickroadstudios.com "-" "Mozilla/5.0 (compatible; Googlebot/2.1; +http://www.google.com/bot.html)" "-"
66.249.73.27 - - [30/Mar/2008:12:50:09 -0400] "GET /episodes/I/ep1.25.html HTTP/1.1" 200 5828 redbrickroadstudios.com "-" "Mozilla/5.0 (compatible; Googlebot/2.1; +http://www.google.com/bot.html)" "-"
195.78.94.13 - - [30/Mar/2008:13:14:54 -0400] "GET / HTTP/1.1" 200 6007 www.redbrickroadstudios.com "-" "Mozilla/4.0 (compatible; MSIE 6.0; Windows NT 5.1; SV1; .NET CLR 1.1.4322)" "-"
66.249.73.27 - - [30/Mar/2008:13:18:37 -0400] "GET /episodes/III/ep3.24.html HTTP/1.1" 304 - redbrickroadstudios.com "-" "Mozilla/5.0 (compatible; Googlebot/2.1; +http://www.google.com/bot.html)" "-"
195.78.94.13 - - [30/Mar/2008:13:44:08 -0400] "GET / HTTP/1.1" 200 5916 www.redbrickroadstudios.com "-" "Mozilla/4.0 (compatible; MSIE 6.0; Windows NT 5.1; SV1; .NET CLR 1.1.4322)" "-"
66.249.73.27 - - [30/Mar/2008:14:01:45 -0400] "GET /episodes/I/ep1.19.html HTTP/1.1" 304 - redbrickroadstudios.com "-" "Mozilla/5.0 (compatible; Googlebot/2.1; +http://www.google.com/bot.html)" "-"
72.148.4.175 - - [30/Mar/2008:14:07:16 -0400] "GET /episodes/II/ep2.11.html HTTP/1.1" 200 6517 redbrickroadstudios.com "http://www.ohnorobot.com/index.pl?show=advanced;p=6;b=1;s=pregnant;t=1" "Mozilla/4.0 (compatible; MSIE 6.0; Windows NT 5.1; .NET CLR 1.1.4322)" "-"
72.148.4.175 - - [30/Mar/2008:14:07:16 -0400] "GET /rbr.css HTTP/1.1" 200 393 redbrickroadstudios.com "http://redbrickroadstudios.com/episodes/II/ep2.11.html" "Mozilla/4.0 (compatible; MSIE 6.0; Windows NT 5.1; .NET CLR 1.1.4322)" "-"
72.148.4.175 - - [30/Mar/2008:14:07:16 -0400] "GET /images/simple_banner3.png HTTP/1.1" 200 20327 redbrickroadstudios.com "http://redbrickroadstudios.com/episodes/II/ep2.11.html" "Mozilla/4.0 (compatible; MSIE 6.0; Windows NT 5.1; .NET CLR 1.1.4322)" "-"
72.148.4.175 - - [30/Mar/2008:14:07:16 -0400] "GET /images/links.png HTTP/1.1" 200 6443 redbrickroadstudios.com "http://redbrickroadstudios.com/episodes/II/ep2.11.html" "Mozilla/4.0 (compatible; MSIE 6.0; Windows NT 5.1; .NET CLR 1.1.4322)" "-"
72.148.4.175 - - [30/Mar/2008:14:07:16 -0400] "GET /images/hor_line.png HTTP/1.1" 200 1016 redbrickroadstudios.com "http://redbrickroadstudios.com/episodes/II/ep2.11.html" "Mozilla/4.0 (compatible; MSIE 6.0; Windows NT 5.1; .NET CLR 1.1.4322)" "-"
72.148.4.175 - - [30/Mar/2008:14:07:16 -0400] "GET /images/rant_tag.png HTTP/1.1" 200 2959 redbrickroadstudios.com "http://redbrickroadstudios.com/episodes/II/ep2.11.html" "Mozilla/4.0 (compatible; MSIE 6.0; Windows NT 5.1; .NET CLR 1.1.4322)" "-"
72.148.4.175 - - [30/Mar/2008:14:07:16 -0400] "GET /images/episodes/II/2.11.png HTTP/1.1" 200 186540 redbrickroadstudios.com "http://redbrickroadstudios.com/episodes/II/ep2.11.html" "Mozilla/4.0 (compatible; MSIE 6.0; Windows NT 5.1; .NET CLR 1.1.4322)" "-"
66.249.73.27 - - [30/Mar/2008:14:07:16 -0400] "GET /episodes/II/ep2.11.html HTTP/1.1" 200 6517 redbrickroadstudios.com "-" "Mediapartners-Google" "-"
72.148.4.175 - - [30/Mar/2008:14:07:16 -0400] "GET /images/ad1.png HTTP/1.1" 200 11250 redbrickroadstudios.com "http://redbrickroadstudios.com/episodes/II/ep2.11.html" "Mozilla/4.0 (compatible; MSIE 6.0; Windows NT 5.1; .NET CLR 1.1.4322)" "-"
66.249.73.27 - - [30/Mar/2008:14:16:11 -0400] "GET /episodes/III/ep3.27.html HTTP/1.1" 304 - redbrickroadstudios.com "-" "Mozilla/5.0 (compatible; Googlebot/2.1; +http://www.google.com/bot.html)" "-"
66.249.73.27 - - [30/Mar/2008:14:24:48 -0400] "GET /episodes/IV/ep4.1.html HTTP/1.1" 304 - redbrickroadstudios.com "-" "Mozilla/5.0 (compatible; Googlebot/2.1; +http://www.google.com/bot.html)" "-"
74.6.9.60 - - [30/Mar/2008:14:42:12 -0400] "GET /episodes/III/ep3.13.html HTTP/1.0" 304 - redbrickroadstudios.com "-" "Mozilla/5.0 (compatible; Yahoo! Slurp; http://help.yahoo.com/help/us/ysearch/slurp)" "-"
66.249.73.27 - - [30/Mar/2008:14:47:43 -0400] "GET /strips/strip_archive.php HTTP/1.1" 404 2333 redbrickroadstudios.com "-" "Mozilla/5.0 (compatible; Googlebot/2.1; +http://www.google.com/bot.html)" "-"
66.249.73.27 - - [30/Mar/2008:14:50:35 -0400] "GET /episodes/IV/ep4.9.html HTTP/1.1" 304 - redbrickroadstudios.com "-" "Mozilla/5.0 (compatible; Googlebot/2.1; +http://www.google.com/bot.html)" "-"
66.249.73.27 - - [30/Mar/2008:14:53:28 -0400] "GET /episodes/I/index.php HTTP/1.1" 404 2329 redbrickroadstudios.com "-" "Mozilla/5.0 (compatible; Googlebot/2.1; +http://www.google.com/bot.html)" "-"
66.249.73.27 - - [30/Mar/2008:15:04:58 -0400] "GET /episodes/IV/ep4.2.html HTTP/1.1" 304 - redbrickroadstudios.com "-" "Mozilla/5.0 (compatible; Googlebot/2.1; +http://www.google.com/bot.html)" "-"
66.249.73.27 - - [30/Mar/2008:15:16:27 -0400] "GET /episodes/IV/ep4.8.html HTTP/1.1" 304 - redbrickroadstudios.com "-" "Mozilla/5.0 (compatible; Googlebot/2.1; +http://www.google.com/bot.html)" "-"
74.6.20.160 - - [30/Mar/2008:15:16:40 -0400] "GET /episodes/I/ep1.23.html HTTP/1.0" 304 - redbrickroadstudios.com "-" "Mozilla/5.0 (compatible; Yahoo! Slurp; http://help.yahoo.com/help/us/ysearch/slurp)" "-"
195.78.94.13 - - [30/Mar/2008:15:21:25 -0400] "GET / HTTP/1.1" 200 6007 www.redbrickroadstudios.com "-" "Mozilla/4.0 (compatible; MSIE 6.0; Windows NT 5.1; SV1; .NET CLR 1.1.4322)" "-"
66.249.73.27 - - [30/Mar/2008:15:29:33 -0400] "GET /robots.txt HTTP/1.1" 404 2300 redbrickroadstudios.com "-" "Mozilla/5.0 (compatible; Googlebot/2.1; +http://www.google.com/bot.html)" "-"
66.249.73.27 - - [30/Mar/2008:15:29:33 -0400] "GET /episodes/IV/ep4.11.html HTTP/1.1" 304 - redbrickroadstudios.com "-" "Mozilla/5.0 (compatible; Googlebot/2.1; +http://www.google.com/bot.html)" "-"
66.249.73.27 - - [30/Mar/2008:15:33:43 -0400] "GET /episodes/episode.php?epsiode=4&part=8 HTTP/1.1" 404 2329 redbrickroadstudios.com "-" "Mozilla/5.0 (compatible; Googlebot/2.1; +http://www.google.com/bot.html)" "-"
74.6.19.88 - - [30/Mar/2008:15:35:45 -0400] "GET /episodes/I/ep1.9.html HTTP/1.0" 304 - redbrickroadstudios.com "-" "Mozilla/5.0 (compatible; Yahoo! Slurp; http://help.yahoo.com/help/us/ysearch/slurp)" "-"
66.249.73.27 - - [30/Mar/2008:15:42:20 -0400] "GET /rants/ep3.25rant.html HTTP/1.1" 300 1181 redbrickroadstudios.com "-" "Mozilla/5.0 (compatible; Googlebot/2.1; +http://www.google.com/bot.html)" "-"
195.78.94.13 - - [30/Mar/2008:15:44:56 -0400] "GET / HTTP/1.1" 200 5888 www.redbrickroadstudios.com "-" "Mozilla/4.0 (compatible; MSIE 6.0; Windows NT 5.1; SV1; .NET CLR 1.1.4322)" "-"
66.249.73.27 - - [30/Mar/2008:15:50:57 -0400] "GET /rants/ep3.5rant.html HTTP/1.1" 300 1189 redbrickroadstudios.com "-" "Mozilla/5.0 (compatible; Googlebot/2.1; +http://www.google.com/bot.html)" "-"
74.6.28.219 - - [30/Mar/2008:16:00:58 -0400] "GET /episodes/II/ep2.9.html HTTP/1.0" 304 - redbrickroadstudios.com "-" "Mozilla/5.0 (compatible; Yahoo! Slurp; http://help.yahoo.com/help/us/ysearch/slurp)" "-"
66.249.73.27 - - [30/Mar/2008:16:11:04 -0400] "GET /rants/ep4.8rant.html HTTP/1.1" 200 9616 redbrickroadstudios.com "-" "Mozilla/5.0 (compatible; Googlebot/2.1; +http://www.google.com/bot.html)" "-"
74.6.21.165 - - [30/Mar/2008:16:12:23 -0400] "GET / HTTP/1.0" 200 5820 redbrickroadstudios.com "-" "Mozilla/5.0 (compatible; Yahoo! Slurp; http://help.yahoo.com/help/us/ysearch/slurp)" "-"
74.6.9.51 - - [30/Mar/2008:16:14:25 -0400] "GET /?epsiode=5%E2%88%82=3 HTTP/1.0" 200 4349 redbrickroadstudios.com "-" "Mozilla/5.0 (compatible; Yahoo! Slurp; http://help.yahoo.com/help/us/ysearch/slurp)" "-"
74.6.31.250 - - [30/Mar/2008:16:15:25 -0400] "GET /strips/?number=24 HTTP/1.0" 200 4057 redbrickroadstudios.com "-" "Mozilla/5.0 (compatible; Yahoo! Slurp; http://help.yahoo.com/help/us/ysearch/slurp)" "-"
66.249.73.27 - - [30/Mar/2008:16:16:49 -0400] "GET /rants/ep3.18rant.html HTTP/1.1" 300 1266 redbrickroadstudios.com "-" "Mozilla/5.0 (compatible; Googlebot/2.1; +http://www.google.com/bot.html)" "-"
74.6.24.43 - - [30/Mar/2008:16:17:30 -0400] "GET /map.html HTTP/1.0" 304 - redbrickroadstudios.com "-" "Mozilla/5.0 (compatible; Yahoo! Slurp; http://help.yahoo.com/help/us/ysearch/slurp)" "-"
74.6.30.157 - - [30/Mar/2008:16:17:39 -0400] "GET /robots.txt HTTP/1.0" 404 2304 www.redbrickroadstudios.com "-" "Mozilla/5.0 (compatible; Yahoo! Slurp; http://help.yahoo.com/help/us/ysearch/slurp)" "-"
74.6.28.169 - - [30/Mar/2008:16:17:40 -0400] "GET / HTTP/1.0" 200 5820 www.redbrickroadstudios.com "-" "Mozilla/5.0 (compatible; Yahoo! Slurp; http://help.yahoo.com/help/us/ysearch/slurp)" "-"
74.6.18.27 - - [30/Mar/2008:16:18:01 -0400] "GET /bios.html HTTP/1.0" 304 - redbrickroadstudios.com "-" "Mozilla/5.0 (compatible; Yahoo! Slurp; http://help.yahoo.com/help/us/ysearch/slurp)" "-"
74.6.23.219 - - [30/Mar/2008:16:18:04 -0400] "GET /home.html HTTP/1.0" 404 2299 redbrickroadstudios.com "-" "Mozilla/5.0 (compatible; Yahoo! Slurp; http://help.yahoo.com/help/us/ysearch/slurp)" "-"
74.6.17.46 - - [30/Mar/2008:16:18:50 -0400] "GET /index.php HTTP/1.0" 200 5820 redbrickroadstudios.com "-" "Mozilla/5.0 (compatible; Yahoo! Slurp; http://help.yahoo.com/help/us/ysearch/slurp)" "-"
74.6.17.126 - - [30/Mar/2008:16:18:51 -0400] "GET /links.html HTTP/1.0" 304 - www.redbrickroadstudios.com "-" "Mozilla/5.0 (compatible; Yahoo! Slurp; http://help.yahoo.com/help/us/ysearch/slurp)" "-"
74.6.31.112 - - [30/Mar/2008:16:19:39 -0400] "GET /?epsiode=5%E2%88%82=3 HTTP/1.0" 200 4349 www.redbrickroadstudios.com "-" "Mozilla/5.0 (compatible; Yahoo! Slurp; http://help.yahoo.com/help/us/ysearch/slurp)" "-"
66.249.73.27 - - [30/Mar/2008:16:19:42 -0400] "GET /rants/ep3.17rant.html HTTP/1.1" 300 1181 redbrickroadstudios.com "-" "Mozilla/5.0 (compatible; Googlebot/2.1; +http://www.google.com/bot.html)" "-"
74.6.9.42 - - [30/Mar/2008:16:20:04 -0400] "GET /strips/?number=1 HTTP/1.0" 200 4051 redbrickroadstudios.com "-" "Mozilla/5.0 (compatible; Yahoo! Slurp; http://help.yahoo.com/help/us/ysearch/slurp)" "-"
74.6.28.45 - - [30/Mar/2008:16:21:14 -0400] "GET /downloads.html HTTP/1.0" 304 - redbrickroadstudios.com "-" "Mozilla/5.0 (compatible; Yahoo! Slurp; http://help.yahoo.com/help/us/ysearch/slurp)" "-"
74.6.27.88 - - [30/Mar/2008:16:21:28 -0400] "GET /home_rant.html HTTP/1.0" 304 - www.redbrickroadstudios.com "-" "Mozilla/5.0 (compatible; Yahoo! Slurp; http://help.yahoo.com/help/us/ysearch/slurp)" "-"
66.249.73.27 - - [30/Mar/2008:16:28:19 -0400] "GET /rants/ep3.20rant.html HTTP/1.1" 300 1184 redbrickroadstudios.com "-" "Mozilla/5.0 (compatible; Googlebot/2.1; +http://www.google.com/bot.html)" "-"
74.6.27.175 - - [30/Mar/2008:16:40:29 -0400] "GET /episodes/II/ep2.11.html HTTP/1.0" 200 6517 redbrickroadstudios.com "-" "Mozilla/5.0 (compatible; Yahoo! Slurp; http://help.yahoo.com/help/us/ysearch/slurp)" "-"
74.6.25.235 - - [30/Mar/2008:16:46:11 -0400] "GET /episodes/II/ HTTP/1.0" 403 626 redbrickroadstudios.com "-" "Mozilla/5.0 (compatible; Yahoo! Slurp; http://help.yahoo.com/help/us/ysearch/slurp)" "-"
66.249.73.27 - - [30/Mar/2008:16:48:26 -0400] "GET /rants/ep3.19rant.html HTTP/1.1" 300 1181 redbrickroadstudios.com "-" "Mozilla/5.0 (compatible; Googlebot/2.1; +http://www.google.com/bot.html)" "-"
66.249.73.27 - - [30/Mar/2008:17:05:40 -0400] "GET /rants/ep3.2rant.html HTTP/1.1" 300 1193 redbrickroadstudios.com "-" "Mozilla/5.0 (compatible; Googlebot/2.1; +http://www.google.com/bot.html)" "-"
66.249.73.27 - - [30/Mar/2008:17:17:13 -0400] "GET /rants/ep4.0rant.html HTTP/1.1" 301 267 redbrickroadstudios.com "-" "Mozilla/5.0 (compatible; Googlebot/2.1; +http://www.google.com/bot.html)" "-"
195.78.94.13 - - [30/Mar/2008:17:27:44 -0400] "GET / HTTP/1.1" 200 6014 www.redbrickroadstudios.com "-" "Mozilla/4.0 (compatible; MSIE 6.0; Windows NT 5.1; SV1; .NET CLR 1.1.4322)" "-"
66.249.73.27 - - [30/Mar/2008:17:37:18 -0400] "GET /rants/ep4.2rant.html HTTP/1.1" 301 267 redbrickroadstudios.com "-" "Mozilla/5.0 (compatible; Googlebot/2.1; +http://www.google.com/bot.html)" "-"
195.78.94.13 - - [30/Mar/2008:17:46:29 -0400] "GET / HTTP/1.1" 200 5895 www.redbrickroadstudios.com "-" "Mozilla/4.0 (compatible; MSIE 6.0; Windows NT 5.1; SV1; .NET CLR 1.1.4322)" "-"
65.55.213.98 - - [30/Mar/2008:18:09:38 -0400] "GET /robots.txt HTTP/1.0" 404 2304 www.redbrickroadstudios.com "-" "msnbot-media/1.0 (+http://search.msn.com/msnbot.htm)" "-"
65.55.213.98 - - [30/Mar/2008:18:09:38 -0400] "GET /episodes/IV/episodes/II/ep2.0.html HTTP/1.0" 404 2328 www.redbrickroadstudios.com "-" "msnbot-media/1.0 (+http://search.msn.com/msnbot.htm)" "-"
65.55.213.98 - - [30/Mar/2008:18:09:41 -0400] "GET /episodes/IV/ep4.12.html HTTP/1.0" 200 6031 www.redbrickroadstudios.com "-" "msnbot-media/1.0 (+http://search.msn.com/msnbot.htm)" "-"
65.55.213.98 - - [30/Mar/2008:18:09:48 -0400] "GET /episodes/IV/ep4.14.html HTTP/1.0" 200 5963 www.redbrickroadstudios.com "-" "msnbot-media/1.0 (+http://search.msn.com/msnbot.htm)" "-"
65.55.213.98 - - [30/Mar/2008:18:09:49 -0400] "GET /episodes/IV/ep4.10.html HTTP/1.0" 200 5878 www.redbrickroadstudios.com "-" "msnbot-media/1.0 (+http://search.msn.com/msnbot.htm)" "-"
208.80.193.43 - - [30/Mar/2008:18:31:43 -0400] "GET / HTTP/1.1" 200 5951 redbrickroadstudios.com "-" "Mozilla/5.0 (compatible; Konqueror/3.1-rc6; i686 Linux; 20021115)" "-"
195.78.94.13 - - [30/Mar/2008:19:08:24 -0400] "GET / HTTP/1.1" 200 5937 www.redbrickroadstudios.com "-" "Mozilla/4.0 (compatible; MSIE 6.0; Windows NT 5.1; SV1; .NET CLR 1.1.4322)" "-"
65.55.213.98 - - [30/Mar/2008:19:24:33 -0400] "GET /episodes/IV/about.html HTTP/1.0" 404 2316 www.redbrickroadstudios.com "-" "msnbot-media/1.0 (+http://search.msn.com/msnbot.htm)" "-"
65.55.213.98 - - [30/Mar/2008:19:43:28 -0400] "GET /images/episodes/IV/4.1.png HTTP/1.0" 200 173930 www.redbrickroadstudios.com "-" "msnbot-media/1.0 (+http://search.msn.com/msnbot.htm)" "-"
65.55.213.98 - - [30/Mar/2008:19:44:51 -0400] "GET /images/episodes/III/3.26alt.png HTTP/1.0" 200 126728 www.redbrickroadstudios.com "-" "msnbot-media/1.0 (+http://search.msn.com/msnbot.htm)" "-"
195.78.94.13 - - [30/Mar/2008:19:47:16 -0400] "GET / HTTP/1.1" 200 6007 www.redbrickroadstudios.com "-" "Mozilla/4.0 (compatible; MSIE 6.0; Windows NT 5.1; SV1; .NET CLR 1.1.4322)" "-"
65.55.213.98 - - [30/Mar/2008:19:48:35 -0400] "GET /episodes/IV/ep4.5.html HTTP/1.0" 200 5706 www.redbrickroadstudios.com "-" "msnbot-media/1.0 (+http://search.msn.com/msnbot.htm)" "-"
67.195.44.111 - - [30/Mar/2008:20:08:30 -0400] "GET /robots.txt HTTP/1.0" 404 2300 redbrickroadstudios.com "-" "Mozilla/5.0 (compatible; Yahoo! Slurp; http://help.yahoo.com/help/us/ysearch/slurp)" "-"
67.195.44.98 - - [30/Mar/2008:20:08:31 -0400] "GET / HTTP/1.0" 200 5820 redbrickroadstudios.com "-" "Mozilla/5.0 (compatible; Yahoo! Slurp; http://help.yahoo.com/help/us/ysearch/slurp)" "-"
65.55.213.98 - - [30/Mar/2008:20:14:47 -0400] "GET /strips/strip_archive.html HTTP/1.0" 404 2319 www.redbrickroadstudios.com "-" "msnbot-media/1.0 (+http://search.msn.com/msnbot.htm)" "-"
65.55.213.98 - - [30/Mar/2008:20:23:14 -0400] "GET /robots.txt HTTP/1.0" 404 2304 www.redbrickroadstudios.com "-" "msnbot-media/1.0 (+http://search.msn.com/msnbot.htm)" "-"
65.55.213.98 - - [30/Mar/2008:20:23:14 -0400] "GET /home.html HTTP/1.0" 404 2303 www.redbrickroadstudios.com "-" "msnbot-media/1.0 (+http://search.msn.com/msnbot.htm)" "-"
67.195.44.80 - - [30/Mar/2008:20:24:52 -0400] "GET /strips/?number=22 HTTP/1.0" 200 4080 redbrickroadstudios.com "-" "Mozilla/5.0 (compatible; Yahoo! Slurp; http://help.yahoo.com/help/us/ysearch/slurp)" "-"
195.78.94.13 - - [30/Mar/2008:21:15:41 -0400] "GET / HTTP/1.1" 200 5874 www.redbrickroadstudios.com "-" "Mozilla/4.0 (compatible; MSIE 6.0; Windows NT 5.1; SV1; .NET CLR 1.1.4322)" "-"
76.124.134.191 - - [30/Mar/2008:21:45:26 -0400] "GET / HTTP/1.1" 200 6081 redbrickroadstudios.com "-" "Mozilla/5.0 (Windows; U; Windows NT 5.1; en-US; rv:1.9b4) Gecko/2008030714 Firefox/3.0b4" "-"
76.124.134.191 - - [30/Mar/2008:21:45:26 -0400] "GET /rbr.css HTTP/1.1" 200 393 redbrickroadstudios.com "http://redbrickroadstudios.com/" "Mozilla/5.0 (Windows; U; Windows NT 5.1; en-US; rv:1.9b4) Gecko/2008030714 Firefox/3.0b4" "-"
76.124.134.191 - - [30/Mar/2008:21:45:26 -0400] "GET /favicon.ico HTTP/1.1" 200 3638 redbrickroadstudios.com "-" "Mozilla/5.0 (Windows; U; Windows NT 5.1; en-US; rv:1.9b4) Gecko/2008030714 Firefox/3.0b4" "-"
76.124.134.191 - - [30/Mar/2008:21:45:27 -0400] "GET /images/linksalt.png HTTP/1.1" 301 266 redbrickroadstudios.com "http://redbrickroadstudios.com/" "Mozilla/5.0 (Windows; U; Windows NT 5.1; en-US; rv:1.9b4) Gecko/2008030714 Firefox/3.0b4" "-"
76.124.134.191 - - [30/Mar/2008:21:45:27 -0400] "GET /images/simple_banner3.png HTTP/1.1" 200 20327 redbrickroadstudios.com "http://redbrickroadstudios.com/" "Mozilla/5.0 (Windows; U; Windows NT 5.1; en-US; rv:1.9b4) Gecko/2008030714 Firefox/3.0b4" "-"
76.124.134.191 - - [30/Mar/2008:21:45:27 -0400] "GET /images/ad1.png HTTP/1.1" 200 11250 redbrickroadstudios.com "http://redbrickroadstudios.com/" "Mozilla/5.0 (Windows; U; Windows NT 5.1; en-US; rv:1.9b4) Gecko/2008030714 Firefox/3.0b4" "-"
76.124.134.191 - - [30/Mar/2008:21:45:27 -0400] "GET /images/hor_line.png HTTP/1.1" 200 1016 redbrickroadstudios.com "http://redbrickroadstudios.com/" "Mozilla/5.0 (Windows; U; Windows NT 5.1; en-US; rv:1.9b4) Gecko/2008030714 Firefox/3.0b4" "-"
76.124.134.191 - - [30/Mar/2008:21:45:27 -0400] "GET /images/rant_tag.png HTTP/1.1" 200 2959 redbrickroadstudios.com "http://redbrickroadstudios.com/" "Mozilla/5.0 (Windows; U; Windows NT 5.1; en-US; rv:1.9b4) Gecko/2008030714 Firefox/3.0b4" "-"
76.124.134.191 - - [30/Mar/2008:21:45:27 -0400] "GET /images/episodes/V/5.4.png HTTP/1.1" 200 183782 redbrickroadstudios.com "http://redbrickroadstudios.com/" "Mozilla/5.0 (Windows; U; Windows NT 5.1; en-US; rv:1.9b4) Gecko/2008030714 Firefox/3.0b4" "-"
76.124.134.191 - - [30/Mar/2008:21:45:27 -0400] "GET /images/linksalt.PNG HTTP/1.1" 200 4603 redbrickroadstudios.com "http://redbrickroadstudios.com/" "Mozilla/5.0 (Windows; U; Windows NT 5.1; en-US; rv:1.9b4) Gecko/2008030714 Firefox/3.0b4" "-"
76.124.134.191 - - [30/Mar/2008:21:45:39 -0400] "GET /episodes/?epsiode=5&part=1 HTTP/1.1" 200 2488 redbrickroadstudios.com "http://redbrickroadstudios.com/" "Mozilla/5.0 (Windows; U; Windows NT 5.1; en-US; rv:1.9b4) Gecko/2008030714 Firefox/3.0b4" "-"
76.124.134.191 - - [30/Mar/2008:21:45:39 -0400] "GET /episodes/favicon.ico HTTP/1.1" 200 3638 redbrickroadstudios.com "-" "Mozilla/5.0 (Windows; U; Windows NT 5.1; en-US; rv:1.9b4) Gecko/2008030714 Firefox/3.0b4" "-"
76.124.134.191 - - [30/Mar/2008:21:45:39 -0400] "GET /images/episodes/V/5.1.png HTTP/1.1" 200 427327 redbrickroadstudios.com "http://redbrickroadstudios.com/episodes/?epsiode=5&part=1" "Mozilla/5.0 (Windows; U; Windows NT 5.1; en-US; rv:1.9b4) Gecko/2008030714 Firefox/3.0b4" "-"
195.78.94.13 - - [30/Mar/2008:21:45:42 -0400] "GET / HTTP/1.1" 200 6018 www.redbrickroadstudios.com "-" "Mozilla/4.0 (compatible; MSIE 6.0; Windows NT 5.1; SV1; .NET CLR 1.1.4322)" "-"
76.124.134.191 - - [30/Mar/2008:21:50:18 -0400] "GET / HTTP/1.1" 200 6045 redbrickroadstudios.com "-" "Mozilla/5.0 (Windows; U; Windows NT 5.1; en-US; rv:1.9b4) Gecko/2008030714 Firefox/3.0b4" "-"
76.124.134.191 - - [30/Mar/2008:21:50:18 -0400] "GET /rbr.css HTTP/1.1" 304 - redbrickroadstudios.com "http://redbrickroadstudios.com/" "Mozilla/5.0 (Windows; U; Windows NT 5.1; en-US; rv:1.9b4) Gecko/2008030714 Firefox/3.0b4" "-"
76.124.134.191 - - [30/Mar/2008:21:50:19 -0400] "GET /images/simple_banner3.png HTTP/1.1" 304 - redbrickroadstudios.com "http://redbrickroadstudios.com/" "Mozilla/5.0 (Windows; U; Windows NT 5.1; en-US; rv:1.9b4) Gecko/2008030714 Firefox/3.0b4" "-"
76.124.134.191 - - [30/Mar/2008:21:50:19 -0400] "GET /images/linksalt.png HTTP/1.1" 301 266 redbrickroadstudios.com "http://redbrickroadstudios.com/" "Mozilla/5.0 (Windows; U; Windows NT 5.1; en-US; rv:1.9b4) Gecko/2008030714 Firefox/3.0b4" "-"
76.124.134.191 - - [30/Mar/2008:21:50:19 -0400] "GET /images/hor_line.png HTTP/1.1" 304 - redbrickroadstudios.com "http://redbrickroadstudios.com/" "Mozilla/5.0 (Windows; U; Windows NT 5.1; en-US; rv:1.9b4) Gecko/2008030714 Firefox/3.0b4" "-"
76.124.134.191 - - [30/Mar/2008:21:50:19 -0400] "GET /images/linksalt.PNG HTTP/1.1" 304 - redbrickroadstudios.com "http://redbrickroadstudios.com/" "Mozilla/5.0 (Windows; U; Windows NT 5.1; en-US; rv:1.9b4) Gecko/2008030714 Firefox/3.0b4" "-"
76.124.134.191 - - [30/Mar/2008:21:50:19 -0400] "GET /images/episodes/V/5.4.png HTTP/1.1" 304 - redbrickroadstudios.com "http://redbrickroadstudios.com/" "Mozilla/5.0 (Windows; U; Windows NT 5.1; en-US; rv:1.9b4) Gecko/2008030714 Firefox/3.0b4" "-"
76.124.134.191 - - [30/Mar/2008:21:50:19 -0400] "GET /images/ad1.png HTTP/1.1" 304 - redbrickroadstudios.com "http://redbrickroadstudios.com/" "Mozilla/5.0 (Windows; U; Windows NT 5.1; en-US; rv:1.9b4) Gecko/2008030714 Firefox/3.0b4" "-"
76.124.134.191 - - [30/Mar/2008:21:50:19 -0400] "GET /images/rant_tag.png HTTP/1.1" 304 - redbrickroadstudios.com "http://redbrickroadstudios.com/" "Mozilla/5.0 (Windows; U; Windows NT 5.1; en-US; rv:1.9b4) Gecko/2008030714 Firefox/3.0b4" "-"
76.124.134.191 - - [30/Mar/2008:21:50:31 -0400] "GET /episodes/?epsiode=5&part=1 HTTP/1.1" 200 5322 redbrickroadstudios.com "http://redbrickroadstudios.com/" "Mozilla/5.0 (Windows; U; Windows NT 5.1; en-US; rv:1.9b4) Gecko/2008030714 Firefox/3.0b4" "-"
66.249.73.27 - - [30/Mar/2008:21:50:37 -0400] "GET /episodes/?epsiode=5&part=1 HTTP/1.1" 200 5126 redbrickroadstudios.com "-" "Mediapartners-Google" "-"
76.124.134.191 - - [30/Mar/2008:21:50:37 -0400] "GET / HTTP/1.1" 200 6073 www.redbrickroadstudios.com "http://redbrickroadstudios.com/episodes/?epsiode=5&part=1" "Mozilla/5.0 (Windows; U; Windows NT 5.1; en-US; rv:1.9b4) Gecko/2008030714 Firefox/3.0b4" "-"
76.124.134.191 - - [30/Mar/2008:21:50:38 -0400] "GET /rbr.css HTTP/1.1" 200 393 www.redbrickroadstudios.com "http://www.redbrickroadstudios.com/" "Mozilla/5.0 (Windows; U; Windows NT 5.1; en-US; rv:1.9b4) Gecko/2008030714 Firefox/3.0b4" "-"
76.124.134.191 - - [30/Mar/2008:21:50:38 -0400] "GET /favicon.ico HTTP/1.1" 200 3638 www.redbrickroadstudios.com "-" "Mozilla/5.0 (Windows; U; Windows NT 5.1; en-US; rv:1.9b4) Gecko/2008030714 Firefox/3.0b4" "-"
76.124.134.191 - - [30/Mar/2008:21:50:38 -0400] "GET /images/linksalt.png HTTP/1.1" 301 270 www.redbrickroadstudios.com "http://www.redbrickroadstudios.com/" "Mozilla/5.0 (Windows; U; Windows NT 5.1; en-US; rv:1.9b4) Gecko/2008030714 Firefox/3.0b4" "-"
76.124.134.191 - - [30/Mar/2008:21:50:38 -0400] "GET /images/hor_line.png HTTP/1.1" 200 1016 www.redbrickroadstudios.com "http://www.redbrickroadstudios.com/" "Mozilla/5.0 (Windows; U; Windows NT 5.1; en-US; rv:1.9b4) Gecko/2008030714 Firefox/3.0b4" "-"
76.124.134.191 - - [30/Mar/2008:21:50:38 -0400] "GET /images/simple_banner3.png HTTP/1.1" 200 20327 www.redbrickroadstudios.com "http://www.redbrickroadstudios.com/" "Mozilla/5.0 (Windows; U; Windows NT 5.1; en-US; rv:1.9b4) Gecko/2008030714 Firefox/3.0b4" "-"
76.124.134.191 - - [30/Mar/2008:21:50:38 -0400] "GET /images/ad1.png HTTP/1.1" 200 11250 www.redbrickroadstudios.com "http://www.redbrickroadstudios.com/" "Mozilla/5.0 (Windows; U; Windows NT 5.1; en-US; rv:1.9b4) Gecko/2008030714 Firefox/3.0b4" "-"
76.124.134.191 - - [30/Mar/2008:21:50:38 -0400] "GET /images/rant_tag.png HTTP/1.1" 200 2959 www.redbrickroadstudios.com "http://www.redbrickroadstudios.com/" "Mozilla/5.0 (Windows; U; Windows NT 5.1; en-US; rv:1.9b4) Gecko/2008030714 Firefox/3.0b4" "-"
76.124.134.191 - - [30/Mar/2008:21:50:38 -0400] "GET /images/episodes/V/5.4.png HTTP/1.1" 200 183782 www.redbrickroadstudios.com "http://www.redbrickroadstudios.com/" "Mozilla/5.0 (Windows; U; Windows NT 5.1; en-US; rv:1.9b4) Gecko/2008030714 Firefox/3.0b4" "-"
76.124.134.191 - - [30/Mar/2008:21:50:38 -0400] "GET /images/linksalt.PNG HTTP/1.1" 200 4603 www.redbrickroadstudios.com "http://www.redbrickroadstudios.com/" "Mozilla/5.0 (Windows; U; Windows NT 5.1; en-US; rv:1.9b4) Gecko/2008030714 Firefox/3.0b4" "-"
66.249.73.27 - - [30/Mar/2008:21:50:39 -0400] "GET /robots.txt HTTP/1.1" 404 2304 www.redbrickroadstudios.com "-" "Mediapartners-Google" "-"
66.249.73.27 - - [30/Mar/2008:21:50:39 -0400] "GET / HTTP/1.1" 200 6024 www.redbrickroadstudios.com "-" "Mediapartners-Google" "-"
74.6.31.38 - - [30/Mar/2008:21:52:22 -0400] "GET /robots.txt HTTP/1.0" 404 2300 redbrickroadstudios.com "-" "Mozilla/5.0 (compatible; Yahoo! Slurp; http://help.yahoo.com/help/us/ysearch/slurp)" "-"
74.6.7.224 - - [30/Mar/2008:21:52:23 -0400] "GET /episodes/III/ep3.26.html HTTP/1.0" 304 - redbrickroadstudios.com "-" "Mozilla/5.0 (compatible; Yahoo! Slurp; http://help.yahoo.com/help/us/ysearch/slurp)" "-"
76.124.134.191 - - [30/Mar/2008:21:53:39 -0400] "GET / HTTP/1.1" 200 6185 www.redbrickroadstudios.com "http://redbrickroadstudios.com/episodes/?epsiode=5&part=1" "Mozilla/5.0 (Windows; U; Windows NT 5.1; en-US; rv:1.9b4) Gecko/2008030714 Firefox/3.0b4" "-"
76.124.134.191 - - [30/Mar/2008:21:53:39 -0400] "GET /rbr.css HTTP/1.1" 304 - www.redbrickroadstudios.com "http://www.redbrickroadstudios.com/" "Mozilla/5.0 (Windows; U; Windows NT 5.1; en-US; rv:1.9b4) Gecko/2008030714 Firefox/3.0b4" "-"
76.124.134.191 - - [30/Mar/2008:21:53:39 -0400] "GET /images/simple_banner3.png HTTP/1.1" 304 - www.redbrickroadstudios.com "http://www.redbrickroadstudios.com/" "Mozilla/5.0 (Windows; U; Windows NT 5.1; en-US; rv:1.9b4) Gecko/2008030714 Firefox/3.0b4" "-"
76.124.134.191 - - [30/Mar/2008:21:53:39 -0400] "GET /images/linksalt.png HTTP/1.1" 301 270 www.redbrickroadstudios.com "http://www.redbrickroadstudios.com/" "Mozilla/5.0 (Windows; U; Windows NT 5.1; en-US; rv:1.9b4) Gecko/2008030714 Firefox/3.0b4" "-"
76.124.134.191 - - [30/Mar/2008:21:53:39 -0400] "GET /images/episodes/V/5.4.png HTTP/1.1" 304 - www.redbrickroadstudios.com "http://www.redbrickroadstudios.com/" "Mozilla/5.0 (Windows; U; Windows NT 5.1; en-US; rv:1.9b4) Gecko/2008030714 Firefox/3.0b4" "-"
76.124.134.191 - - [30/Mar/2008:21:53:39 -0400] "GET /images/hor_line.png HTTP/1.1" 304 - www.redbrickroadstudios.com "http://www.redbrickroadstudios.com/" "Mozilla/5.0 (Windows; U; Windows NT 5.1; en-US; rv:1.9b4) Gecko/2008030714 Firefox/3.0b4" "-"
76.124.134.191 - - [30/Mar/2008:21:53:39 -0400] "GET /images/rant_tag.png HTTP/1.1" 304 - www.redbrickroadstudios.com "http://www.redbrickroadstudios.com/" "Mozilla/5.0 (Windows; U; Windows NT 5.1; en-US; rv:1.9b4) Gecko/2008030714 Firefox/3.0b4" "-"
76.124.134.191 - - [30/Mar/2008:21:53:39 -0400] "GET /images/linksalt.PNG HTTP/1.1" 304 - www.redbrickroadstudios.com "http://www.redbrickroadstudios.com/" "Mozilla/5.0 (Windows; U; Windows NT 5.1; en-US; rv:1.9b4) Gecko/2008030714 Firefox/3.0b4" "-"
76.124.134.191 - - [30/Mar/2008:21:53:39 -0400] "GET /images/ad1.png HTTP/1.1" 304 - www.redbrickroadstudios.com "http://www.redbrickroadstudios.com/" "Mozilla/5.0 (Windows; U; Windows NT 5.1; en-US; rv:1.9b4) Gecko/2008030714 Firefox/3.0b4" "-"
76.124.134.191 - - [30/Mar/2008:21:54:56 -0400] "GET / HTTP/1.1" 200 6231 www.redbrickroadstudios.com "http://redbrickroadstudios.com/episodes/?epsiode=5&part=1" "Mozilla/5.0 (Windows; U; Windows NT 5.1; en-US; rv:1.9b4) Gecko/2008030714 Firefox/3.0b4" "-"
76.124.134.191 - - [30/Mar/2008:21:54:56 -0400] "GET /rbr.css HTTP/1.1" 304 - www.redbrickroadstudios.com "http://www.redbrickroadstudios.com/" "Mozilla/5.0 (Windows; U; Windows NT 5.1; en-US; rv:1.9b4) Gecko/2008030714 Firefox/3.0b4" "-"
76.124.134.191 - - [30/Mar/2008:21:54:57 -0400] "GET /images/simple_banner3.png HTTP/1.1" 304 - www.redbrickroadstudios.com "http://www.redbrickroadstudios.com/" "Mozilla/5.0 (Windows; U; Windows NT 5.1; en-US; rv:1.9b4) Gecko/2008030714 Firefox/3.0b4" "-"
76.124.134.191 - - [30/Mar/2008:21:54:57 -0400] "GET /images/linksalt.png HTTP/1.1" 301 270 www.redbrickroadstudios.com "http://www.redbrickroadstudios.com/" "Mozilla/5.0 (Windows; U; Windows NT 5.1; en-US; rv:1.9b4) Gecko/2008030714 Firefox/3.0b4" "-"
76.124.134.191 - - [30/Mar/2008:21:54:57 -0400] "GET /images/ad1.png HTTP/1.1" 304 - www.redbrickroadstudios.com "http://www.redbrickroadstudios.com/" "Mozilla/5.0 (Windows; U; Windows NT 5.1; en-US; rv:1.9b4) Gecko/2008030714 Firefox/3.0b4" "-"
76.124.134.191 - - [30/Mar/2008:21:54:57 -0400] "GET /images/hor_line.png HTTP/1.1" 304 - www.redbrickroadstudios.com "http://www.redbrickroadstudios.com/" "Mozilla/5.0 (Windows; U; Windows NT 5.1; en-US; rv:1.9b4) Gecko/2008030714 Firefox/3.0b4" "-"
76.124.134.191 - - [30/Mar/2008:21:54:57 -0400] "GET /images/rant_tag.png HTTP/1.1" 304 - www.redbrickroadstudios.com "http://www.redbrickroadstudios.com/" "Mozilla/5.0 (Windows; U; Windows NT 5.1; en-US; rv:1.9b4) Gecko/2008030714 Firefox/3.0b4" "-"
76.124.134.191 - - [30/Mar/2008:21:54:57 -0400] "GET /images/episodes/V/5.4.png HTTP/1.1" 304 - www.redbrickroadstudios.com "http://www.redbrickroadstudios.com/" "Mozilla/5.0 (Windows; U; Windows NT 5.1; en-US; rv:1.9b4) Gecko/2008030714 Firefox/3.0b4" "-"
76.124.134.191 - - [30/Mar/2008:21:54:57 -0400] "GET /images/linksalt.PNG HTTP/1.1" 304 - www.redbrickroadstudios.com "http://www.redbrickroadstudios.com/" "Mozilla/5.0 (Windows; U; Windows NT 5.1; en-US; rv:1.9b4) Gecko/2008030714 Firefox/3.0b4" "-"
76.124.134.191 - - [30/Mar/2008:21:56:04 -0400] "GET / HTTP/1.1" 200 6084 www.redbrickroadstudios.com "http://redbrickroadstudios.com/episodes/?epsiode=5&part=1" "Mozilla/5.0 (Windows; U; Windows NT 5.1; en-US; rv:1.9b4) Gecko/2008030714 Firefox/3.0b4" "-"
76.124.134.191 - - [30/Mar/2008:21:56:04 -0400] "GET /rbr.css HTTP/1.1" 304 - www.redbrickroadstudios.com "http://www.redbrickroadstudios.com/" "Mozilla/5.0 (Windows; U; Windows NT 5.1; en-US; rv:1.9b4) Gecko/2008030714 Firefox/3.0b4" "-"
76.124.134.191 - - [30/Mar/2008:21:56:05 -0400] "GET /images/simple_banner3.png HTTP/1.1" 304 - www.redbrickroadstudios.com "http://www.redbrickroadstudios.com/" "Mozilla/5.0 (Windows; U; Windows NT 5.1; en-US; rv:1.9b4) Gecko/2008030714 Firefox/3.0b4" "-"
76.124.134.191 - - [30/Mar/2008:21:56:05 -0400] "GET /images/linksalt.png HTTP/1.1" 301 270 www.redbrickroadstudios.com "http://www.redbrickroadstudios.com/" "Mozilla/5.0 (Windows; U; Windows NT 5.1; en-US; rv:1.9b4) Gecko/2008030714 Firefox/3.0b4" "-"
76.124.134.191 - - [30/Mar/2008:21:56:05 -0400] "GET /images/hor_line.png HTTP/1.1" 304 - www.redbrickroadstudios.com "http://www.redbrickroadstudios.com/" "Mozilla/5.0 (Windows; U; Windows NT 5.1; en-US; rv:1.9b4) Gecko/2008030714 Firefox/3.0b4" "-"
76.124.134.191 - - [30/Mar/2008:21:56:05 -0400] "GET /images/episodes/V/5.4.png HTTP/1.1" 304 - www.redbrickroadstudios.com "http://www.redbrickroadstudios.com/" "Mozilla/5.0 (Windows; U; Windows NT 5.1; en-US; rv:1.9b4) Gecko/2008030714 Firefox/3.0b4" "-"
76.124.134.191 - - [30/Mar/2008:21:56:05 -0400] "GET /images/rant_tag.png HTTP/1.1" 304 - www.redbrickroadstudios.com "http://www.redbrickroadstudios.com/" "Mozilla/5.0 (Windows; U; Windows NT 5.1; en-US; rv:1.9b4) Gecko/2008030714 Firefox/3.0b4" "-"
